FFFFFFF                                                                  [100%]
=================================== FAILURES ===================================
_______________ test_second_process_writer_rejected_and_released _______________

tmp_path = PosixPath('/private/var/folders/4r/23s40zyn5sj803822cccdlg80000gn/T/pytest-of-raphael/pytest-236/test_second_process_writer_rej0')

    def test_second_process_writer_rejected_and_released(tmp_path):
        target=f'ducklake:{tmp_path}/p.ducklake'
        context=multiprocessing.get_context('spawn')
        queue=context.Queue()
        with Lake.local(target):
            process=context.Process(target=_try_writer,args=(target,queue))
            process.start()
            process.join(15)
            assert not process.is_alive()
>           assert queue.get(timeout=2) == 'WriterBusyError'
E           AssertionError: assert 'opened' == 'WriterBusyError'
E
E             - WriterBusyError
E             + opened

tests/unit/lake/test_publication.py:28: AssertionError
_______________ test_same_process_handle_and_symlink_are_locked ________________

tmp_path = PosixPath('/private/var/folders/4r/23s40zyn5sj803822cccdlg80000gn/T/pytest-of-raphael/pytest-236/test_same_process_handle_and_s0')

    def test_same_process_handle_and_symlink_are_locked(tmp_path):
        real=tmp_path/'real'; real.mkdir()
        alias=tmp_path/'alias'; alias.symlink_to(real, target_is_directory=True)
        with Lake.local(f'ducklake:{real}/p.ducklake'):
>           with pytest.raises(Exception,match='writer'):
                 ^^^^^^^^^^^^^^^^^^^^^^^^^^^^^^^^^^^^^^^
E           Failed: DID NOT RAISE Exception

tests/unit/lake/test_publication.py:37: Failed
______________________ test_skip_same_and_changed_version ______________________

tmp_path = PosixPath('/private/var/folders/4r/23s40zyn5sj803822cccdlg80000gn/T/pytest-of-raphael/pytest-236/test_skip_same_and_changed_ver0')

    def test_skip_same_and_changed_version(tmp_path):
        with Lake.local(f'ducklake:{tmp_path}/p.ducklake') as lake:
>           result=_publish(lake,tmp_path)
                   ^^^^^^^^^^^^^^^^^^^^^^^

tests/unit/lake/test_publication.py:49:
_ _ _ _ _ _ _ _ _ _ _ _ _ _ _ _ _ _ _ _ _ _ _ _ _ _ _ _ _ _ _ _ _ _ _ _ _ _ _ _

lake = <omnisus_db.lake.operations.Lake object at 0x108919940>
tmp_path = PosixPath('/private/var/folders/4r/23s40zyn5sj803822cccdlg80000gn/T/pytest-of-raphael/pytest-236/test_skip_same_and_changed_ver0')
uf = 'SP', value = 1, policy = 'append', digest = None, run_id = 'run-1'

    def _publish(lake, tmp_path, uf='SP', value=1, policy='append', digest=None, run_id='run-1'):
        path=tmp_path/f'{uf}-{value}.parquet'
        pl.DataFrame({'ano':[2024],'mes':[1],'uf':[uf],'v':[value]}).write_parquet(path)
>       return lake.publish_scope('t',path,scope=ScopeKey(uf=uf,ano=2024,mes=1),source_sha256=digest or hashlib.sha256(str(value).encode()).hexdigest(),parser_version='parser-v1',policy=policy,run_id=run_id,partition_by=('ano','mes'))
               ^^^^^^^^^^^^^^^^^^
E       AttributeError: 'Lake' object has no attribute 'publish_scope'

tests/unit/lake/test_publication.py:44: AttributeError
_________________ test_replace_preserves_other_uf_and_manifest _________________

tmp_path = PosixPath('/private/var/folders/4r/23s40zyn5sj803822cccdlg80000gn/T/pytest-of-raphael/pytest-236/test_replace_preserves_other_u0')

    def test_replace_preserves_other_uf_and_manifest(tmp_path):
        with Lake.local(f'ducklake:{tmp_path}/p.ducklake') as lake:
>           _publish(lake,tmp_path)

tests/unit/lake/test_publication.py:60:
_ _ _ _ _ _ _ _ _ _ _ _ _ _ _ _ _ _ _ _ _ _ _ _ _ _ _ _ _ _ _ _ _ _ _ _ _ _ _ _

lake = <omnisus_db.lake.operations.Lake object at 0x10891a2c0>
tmp_path = PosixPath('/private/var/folders/4r/23s40zyn5sj803822cccdlg80000gn/T/pytest-of-raphael/pytest-236/test_replace_preserves_other_u0')
uf = 'SP', value = 1, policy = 'append', digest = None, run_id = 'run-1'

    def _publish(lake, tmp_path, uf='SP', value=1, policy='append', digest=None, run_id='run-1'):
        path=tmp_path/f'{uf}-{value}.parquet'
        pl.DataFrame({'ano':[2024],'mes':[1],'uf':[uf],'v':[value]}).write_parquet(path)
>       return lake.publish_scope('t',path,scope=ScopeKey(uf=uf,ano=2024,mes=1),source_sha256=digest or hashlib.sha256(str(value).encode()).hexdigest(),parser_version='parser-v1',policy=policy,run_id=run_id,partition_by=('ano','mes'))
               ^^^^^^^^^^^^^^^^^^
E       AttributeError: 'Lake' object has no attribute 'publish_scope'

tests/unit/lake/test_publication.py:44: AttributeError
______________ test_replace_invalid_scope_or_empty_preserves_data ______________

tmp_path = PosixPath('/private/var/folders/4r/23s40zyn5sj803822cccdlg80000gn/T/pytest-of-raphael/pytest-236/test_replace_invalid_scope_or_0')

    def test_replace_invalid_scope_or_empty_preserves_data(tmp_path):
        with Lake.local(f'ducklake:{tmp_path}/p.ducklake') as lake:
>           _publish(lake,tmp_path)

tests/unit/lake/test_publication.py:71:
_ _ _ _ _ _ _ _ _ _ _ _ _ _ _ _ _ _ _ _ _ _ _ _ _ _ _ _ _ _ _ _ _ _ _ _ _ _ _ _

lake = <omnisus_db.lake.operations.Lake object at 0x10891a650>
tmp_path = PosixPath('/private/var/folders/4r/23s40zyn5sj803822cccdlg80000gn/T/pytest-of-raphael/pytest-236/test_replace_invalid_scope_or_0')
uf = 'SP', value = 1, policy = 'append', digest = None, run_id = 'run-1'

    def _publish(lake, tmp_path, uf='SP', value=1, policy='append', digest=None, run_id='run-1'):
        path=tmp_path/f'{uf}-{value}.parquet'
        pl.DataFrame({'ano':[2024],'mes':[1],'uf':[uf],'v':[value]}).write_parquet(path)
>       return lake.publish_scope('t',path,scope=ScopeKey(uf=uf,ano=2024,mes=1),source_sha256=digest or hashlib.sha256(str(value).encode()).hexdigest(),parser_version='parser-v1',policy=policy,run_id=run_id,partition_by=('ano','mes'))
               ^^^^^^^^^^^^^^^^^^
E       AttributeError: 'Lake' object has no attribute 'publish_scope'

tests/unit/lake/test_publication.py:44: AttributeError
_______________ test_legacy_rows_not_declared_managed_by_append ________________

tmp_path = PosixPath('/private/var/folders/4r/23s40zyn5sj803822cccdlg80000gn/T/pytest-of-raphael/pytest-236/test_legacy_rows_not_declared_0')

    def test_legacy_rows_not_declared_managed_by_append(tmp_path):
        with Lake.local(f'ducklake:{tmp_path}/p.ducklake') as lake:
            lake.ingest('t',pl.DataFrame({'ano':[2024],'mes':[1],'uf':['SP'],'v':[9]}).lazy())
>           _publish(lake,tmp_path)

tests/unit/lake/test_publication.py:82:
_ _ _ _ _ _ _ _ _ _ _ _ _ _ _ _ _ _ _ _ _ _ _ _ _ _ _ _ _ _ _ _ _ _ _ _ _ _ _ _

lake = <omnisus_db.lake.operations.Lake object at 0x10891afd0>
tmp_path = PosixPath('/private/var/folders/4r/23s40zyn5sj803822cccdlg80000gn/T/pytest-of-raphael/pytest-236/test_legacy_rows_not_declared_0')
uf = 'SP', value = 1, policy = 'append', digest = None, run_id = 'run-1'

    def _publish(lake, tmp_path, uf='SP', value=1, policy='append', digest=None, run_id='run-1'):
        path=tmp_path/f'{uf}-{value}.parquet'
        pl.DataFrame({'ano':[2024],'mes':[1],'uf':[uf],'v':[value]}).write_parquet(path)
>       return lake.publish_scope('t',path,scope=ScopeKey(uf=uf,ano=2024,mes=1),source_sha256=digest or hashlib.sha256(str(value).encode()).hexdigest(),parser_version='parser-v1',policy=policy,run_id=run_id,partition_by=('ano','mes'))
               ^^^^^^^^^^^^^^^^^^
E       AttributeError: 'Lake' object has no attribute 'publish_scope'

tests/unit/lake/test_publication.py:44: AttributeError
_________________ test_publication_and_rows_rollback_together __________________

tmp_path = PosixPath('/private/var/folders/4r/23s40zyn5sj803822cccdlg80000gn/T/pytest-of-raphael/pytest-236/test_publication_and_rows_roll0')

    def test_publication_and_rows_rollback_together(tmp_path):
        with Lake.local(f'ducklake:{tmp_path}/p.ducklake') as lake:
>           _publish(lake,tmp_path)

tests/unit/lake/test_publication.py:90:
_ _ _ _ _ _ _ _ _ _ _ _ _ _ _ _ _ _ _ _ _ _ _ _ _ _ _ _ _ _ _ _ _ _ _ _ _ _ _ _

lake = <omnisus_db.lake.operations.Lake object at 0x10891b100>
tmp_path = PosixPath('/private/var/folders/4r/23s40zyn5sj803822cccdlg80000gn/T/pytest-of-raphael/pytest-236/test_publication_and_rows_roll0')
uf = 'SP', value = 1, policy = 'append', digest = None, run_id = 'run-1'

    def _publish(lake, tmp_path, uf='SP', value=1, policy='append', digest=None, run_id='run-1'):
        path=tmp_path/f'{uf}-{value}.parquet'
        pl.DataFrame({'ano':[2024],'mes':[1],'uf':[uf],'v':[value]}).write_parquet(path)
>       return lake.publish_scope('t',path,scope=ScopeKey(uf=uf,ano=2024,mes=1),source_sha256=digest or hashlib.sha256(str(value).encode()).hexdigest(),parser_version='parser-v1',policy=policy,run_id=run_id,partition_by=('ano','mes'))
               ^^^^^^^^^^^^^^^^^^
E       AttributeError: 'Lake' object has no attribute 'publish_scope'

tests/unit/lake/test_publication.py:44: AttributeError
=========================== short test summary info ============================
FAILED tests/unit/lake/test_publication.py::test_second_process_writer_rejected_and_released
FAILED tests/unit/lake/test_publication.py::test_same_process_handle_and_symlink_are_locked
FAILED tests/unit/lake/test_publication.py::test_skip_same_and_changed_version
FAILED tests/unit/lake/test_publication.py::test_replace_preserves_other_uf_and_manifest
FAILED tests/unit/lake/test_publication.py::test_replace_invalid_scope_or_empty_preserves_data
FAILED tests/unit/lake/test_publication.py::test_legacy_rows_not_declared_managed_by_append
FAILED tests/unit/lake/test_publication.py::test_publication_and_rows_rollback_together
7 failed in 0.96s
