Using Python 3.12.13 environment at: /tmp/omnisus-d2-d6-py312
Resolved 78 packages in 562ms
Downloading loro (3.0MiB)
 Downloaded loro
Prepared 4 packages in 155ms
Uninstalled 1 package in 11ms
Installed 19 packages in 104ms
 + click==8.5.0
 + docutils==0.23
 + itsdangerous==2.2.0
 + jedi==0.19.2
 + loro==1.13.2
 + marimo==0.24.0
 + markdown==3.10.3
 + msgspec==0.21.1
 + narwhals==2.26.0
 ~ omnisus-db==0.1.0 (from file:///tmp/omnisus-d2-d6-dist/omnisus_db-0.1.0-py3-none-any.whl)
 + parso==0.8.7
 + psutil==7.2.2
 + pymdown-extensions==11.0.2
 + python-multipart==0.0.32
 + pyzmq==27.2.0
 + starlette==1.6.0
 + tomlkit==0.15.1
 + uvicorn==0.52.4
 + websockets==17.1
